src/components/VoiceButton.tsx(46,39): error TS2307: Cannot find module 'expo-speech-recognition' or its corresponding type declarations.
